---
source: crates/yakui-widgets/tests/snapshot.rs
assertion_line: 54
expression: view
---
- ListWidget pos(0, 0) size(1000, 1000)
  - ColoredBoxWidget pos(0, 0) size(50, 50)
  - ColoredBoxWidget pos(60, 0) size(50, 50)
  - ColoredBoxWidget pos(120, 0) size(50, 50)

